// Jest Snapshot v1, https://goo.gl/fbAQLP

exports[`AppContainer component Should render 1`] = `
ShallowWrapper {
  Symbol(enzyme.__root__): [Circular],
  Symbol(enzyme.__unrendered__): <AppContainer
    genres={
        Object {
            "data": Object {
              "genres": Array [
                Object {
                  "id": 1,
                  "name": "Action",
                },
                Object {
                  "id": 2,
                  "name": "Adventure",
                },
                Object {
                  "id": 3,
                  "name": "Comedy",
                },
                Object {
                  "id": 4,
                  "name": "Romance",
                },
              ],
            },
            "loading": false,
          }
    }
    getGenres={[Function]}
    getLatest={[Function]}
    movies={
        Object {
            "data": Object {
              "results": Array [
                Object {
                  "genre_ids": Array [
                    2,
                    3,
                  ],
                  "name": "test-genres",
                  "popularity": 5,
                },
                Object {
                  "genre_ids": Array [
                    3,
                    4,
                  ],
                  "name": "test-genres",
                  "popularity": 5,
                },
              ],
            },
            "loading": false,
          }
    }
/>,
  Symbol(enzyme.__renderer__): Object {
    "batchedUpdates": [Function],
    "getNode": [Function],
    "render": [Function],
    "simulateEvent": [Function],
    "unmount": [Function],
  },
  Symbol(enzyme.__node__): Object {
    "instance": null,
    "key": undefined,
    "nodeType": "class",
    "props": Object {
      "clickCheckBox": [Function],
      "filterMovies": [Function],
      "genres": null,
      "genresError": undefined,
      "genresLoading": false,
      "movies": null,
      "moviesError": undefined,
      "moviesLoading": false,
      "score_filter": 0,
      "updateScoreFilter": [Function],
    },
    "ref": null,
    "rendered": null,
    "type": [Function],
  },
  Symbol(enzyme.__nodes__): Array [
    Object {
      "instance": null,
      "key": undefined,
      "nodeType": "class",
      "props": Object {
        "clickCheckBox": [Function],
        "filterMovies": [Function],
        "genres": null,
        "genresError": undefined,
        "genresLoading": false,
        "movies": null,
        "moviesError": undefined,
        "moviesLoading": false,
        "score_filter": 0,
        "updateScoreFilter": [Function],
      },
      "ref": null,
      "rendered": null,
      "type": [Function],
    },
  ],
  Symbol(enzyme.__options__): Object {
    "adapter": ReactSixteenAdapter {
      "options": Object {
        "enableComponentDidUpdateOnSetState": true,
        "lifecycles": Object {
          "componentDidUpdate": Object {
            "onSetState": true,
          },
          "getSnapshotBeforeUpdate": true,
        },
      },
    },
    "attachTo": undefined,
    "hydrateIn": undefined,
  },
}
`;
