// Jest Snapshot v1, https://goo.gl/fbAQLP

exports[`Rating component Should render 1`] = `
ShallowWrapper {
  Symbol(enzyme.__root__): [Circular],
  Symbol(enzyme.__unrendered__): <Unknown
    ratingValue={5}
    updateScoreFilter={[Function]}
/>,
  Symbol(enzyme.__renderer__): Object {
    "batchedUpdates": [Function],
    "getNode": [Function],
    "render": [Function],
    "simulateEvent": [Function],
    "unmount": [Function],
  },
  Symbol(enzyme.__node__): Object {
    "instance": null,
    "key": undefined,
    "nodeType": "function",
    "props": Object {
      "children": Array [
        <label
          htmlFor="rating"
>
          <h3>
                    Min Rating (
                    5
                    )
          </h3>
</label>,
        <div
          className="filters__rating"
>
          <input
                    id="rating"
                    max="10"
                    min="0"
                    onChange={[Function]}
                    step="0.5"
                    type="range"
                    value={5}
          />
</div>,
      ],
    },
    "ref": null,
    "rendered": Array [
      Object {
        "instance": null,
        "key": undefined,
        "nodeType": "host",
        "props": Object {
          "children": <h3>
            Min Rating (
            5
            )
</h3>,
          "htmlFor": "rating",
        },
        "ref": null,
        "rendered": Object {
          "instance": null,
          "key": undefined,
          "nodeType": "host",
          "props": Object {
            "children": Array [
              "Min Rating (",
              5,
              ")",
            ],
          },
          "ref": null,
          "rendered": Array [
            "Min Rating (",
            5,
            ")",
          ],
          "type": "h3",
        },
        "type": "label",
      },
      Object {
        "instance": null,
        "key": undefined,
        "nodeType": "host",
        "props": Object {
          "children": <input
            id="rating"
            max="10"
            min="0"
            onChange={[Function]}
            step="0.5"
            type="range"
            value={5}
/>,
          "className": "filters__rating",
        },
        "ref": null,
        "rendered": Object {
          "instance": null,
          "key": undefined,
          "nodeType": "host",
          "props": Object {
            "id": "rating",
            "max": "10",
            "min": "0",
            "onChange": [Function],
            "step": "0.5",
            "type": "range",
            "value": 5,
          },
          "ref": null,
          "rendered": null,
          "type": "input",
        },
        "type": "div",
      },
    ],
    "type": Symbol(react.fragment),
  },
  Symbol(enzyme.__nodes__): Array [
    Object {
      "instance": null,
      "key": undefined,
      "nodeType": "function",
      "props": Object {
        "children": Array [
          <label
            htmlFor="rating"
>
            <h3>
                        Min Rating (
                        5
                        )
            </h3>
</label>,
          <div
            className="filters__rating"
>
            <input
                        id="rating"
                        max="10"
                        min="0"
                        onChange={[Function]}
                        step="0.5"
                        type="range"
                        value={5}
            />
</div>,
        ],
      },
      "ref": null,
      "rendered": Array [
        Object {
          "instance": null,
          "key": undefined,
          "nodeType": "host",
          "props": Object {
            "children": <h3>
              Min Rating (
              5
              )
</h3>,
            "htmlFor": "rating",
          },
          "ref": null,
          "rendered": Object {
            "instance": null,
            "key": undefined,
            "nodeType": "host",
            "props": Object {
              "children": Array [
                "Min Rating (",
                5,
                ")",
              ],
            },
            "ref": null,
            "rendered": Array [
              "Min Rating (",
              5,
              ")",
            ],
            "type": "h3",
          },
          "type": "label",
        },
        Object {
          "instance": null,
          "key": undefined,
          "nodeType": "host",
          "props": Object {
            "children": <input
              id="rating"
              max="10"
              min="0"
              onChange={[Function]}
              step="0.5"
              type="range"
              value={5}
/>,
            "className": "filters__rating",
          },
          "ref": null,
          "rendered": Object {
            "instance": null,
            "key": undefined,
            "nodeType": "host",
            "props": Object {
              "id": "rating",
              "max": "10",
              "min": "0",
              "onChange": [Function],
              "step": "0.5",
              "type": "range",
              "value": 5,
            },
            "ref": null,
            "rendered": null,
            "type": "input",
          },
          "type": "div",
        },
      ],
      "type": Symbol(react.fragment),
    },
  ],
  Symbol(enzyme.__options__): Object {
    "adapter": ReactSixteenAdapter {
      "options": Object {
        "enableComponentDidUpdateOnSetState": true,
        "lifecycles": Object {
          "componentDidUpdate": Object {
            "onSetState": true,
          },
          "getSnapshotBeforeUpdate": true,
        },
      },
    },
    "attachTo": undefined,
    "hydrateIn": undefined,
  },
}
`;
